[www.stampready.net/dashboard/editor/index0497.html]
[backblue.gif]
[fade.gif]
[index.html]
[www.stampready.net/dashboard/editor/js/jquery-1.10.1.min.js]
[www.stampready.net/dashboard/editor/js/jquery-ui-1.10.4.custom.min.js]
[www.stampready.net/dashboard/editor/js/jquery.color.js]
[www.stampready.net/dashboard/editor/js/easing.js]
[www.stampready.net/dashboard/editor/js/tooltip.js]
[www.stampready.net/dashboard/editor/js/farbtastic.js]
[www.stampready.net/dashboard/editor/js/jquery.imgareaselect.pack.js]
[www.stampready.net/dashboard/editor/js/jquery.transform2d.js]
[www.stampready.net/dashboard/editor/js/cropper7a54.js]
[www.stampready.net/dashboard/editor/img/framework/wheel.png]
[www.stampready.net/dashboard/editor/js/functions7a54.js]
[www.stampready.net/dashboard/editor/lib/codemirror.js]
[www.stampready.net/dashboard/editor/mode/xml/xml.js]
[www.stampready.net/dashboard/editor/mode/javascript/javascript.js]
[www.stampready.net/dashboard/editor/mode/css/css.js]
[www.stampready.net/dashboard/editor/mode/htmlmixed/htmlmixed.js]
[www.stampready.net/dashboard/editor/addon/fold/xml-fold.js]
[www.stampready.net/dashboard/editor/addon/edit/matchtags.js]
[www.stampready.net/dashboard/editor/js/jquery.htmlClean.js]
[www.stampready.net/dashboard/editor/js/editor7a54.js]
[www.stampready.net/dashboard/editor/js/shortcuts.js]
[www.stampready.net/dashboard/editor/img/icons/save_arrow.png]
[www.stampready.net/dashboard/editor/img/icons/link.png]
[www.stampready.net/dashboard/editor/img/icons/leftAlign.png]
[www.stampready.net/dashboard/editor/img/icons/centerAlign.png]
[www.stampready.net/dashboard/editor/img/icons/rightAlign.png]
[www.stampready.net/dashboard/editor/img/icons/bold.png]
[www.stampready.net/dashboard/editor/img/icons/italic.png]
[www.stampready.net/dashboard/editor/img/icons/openCodeEditor.png]
[www.stampready.net/dashboard/editor/img/icons/dragButton.png]
[www.stampready.net/dashboard/editor/img/icons/deleteButton.png]
[www.stampready.net/dashboard/editor/img/icons/duplicateButton.png]
[www.stampready.net/dashboard/editor/img/icons/save_code_animation.png]
[www.stampready.net/dashboard/editor/user_uploads/zip_uploads/2016/07/16/qlw1JE70zsRFHWTreAm2ktiS/Notification-2/images/bg.jpg]
[www.stampready.net/dashboard/editor/user_uploads/zip_uploads/2016/07/16/qlw1JE70zsRFHWTreAm2ktiS/Notification-2/images/logo.png]
[www.stampready.net/dashboard/editor/user_uploads/zip_uploads/2016/07/16/qlw1JE70zsRFHWTreAm2ktiS/Notification-2/images/fb.png]
[www.stampready.net/dashboard/editor/user_uploads/zip_uploads/2016/07/16/qlw1JE70zsRFHWTreAm2ktiS/Notification-2/images/tw.png]
[www.stampready.net/dashboard/editor/user_uploads/zip_uploads/2016/07/16/qlw1JE70zsRFHWTreAm2ktiS/Notification-2/images/gg.png]
[www.stampready.net/dashboard/editor/user_uploads/zip_uploads/2016/07/16/qlw1JE70zsRFHWTreAm2ktiS/Notification-2/images/in.png]
[www.stampready.net/dashboard/editor/user_uploads/zip_uploads/2016/07/16/qlw1JE70zsRFHWTreAm2ktiS/Notification-2/images/bh.png]
[www.stampready.net/dashboard/editor/index0497.html]
[www.stampready.net/dashboard/editor/css/global.css]
[www.stampready.net/dashboard/editor/user_uploads/zip_uploads/2016/07/16/qlw1JE70zsRFHWTreAm2ktiS/Notification-2/images/db.png]
[www.stampready.net/dashboard/editor/img/icons/styling.png]
[www.stampready.net/dashboard/editor/img/icons/options.png]
[www.stampready.net/dashboard/editor/img/icons/preview.png]
[www.stampready.net/dashboard/editor/img/icons/send.png]
[www.stampready.net/dashboard/editor/img/icons/locked.png]
[www.stampready.net/dashboard/editor/img/icons/arrow.png]
[www.stampready.net/dashboard/editor/img/icons/arrow_active.png]
[www.stampready.net/dashboard/editor/img/icons/switch_thumb_check.png]
[www.stampready.net/dashboard/editor/img/icons/empty_stylings.png]
[www.stampready.net/dashboard/editor/img/icons/mirror_mobile.png]
[www.stampready.net/dashboard/editor/img/framework/frame_empty.png]
[www.stampready.net/dashboard/editor/img/icons/close_module.png]
[www.stampready.net/dashboard/editor/img/icons/handle.png]
[www.stampready.net/dashboard/editor/img/icons/drop.png]
[www.stampready.net/dashboard/editor/img/framework/mobile_case.png]
[www.stampready.net/dashboard/editor/img/framework/tip.png]
[www.stampready.net/dashboard/editor/img/icons/remove_image.png]
[www.stampready.net/dashboard/editor/img/icons/droplet.png]
[www.stampready.net/dashboard/editor/img/icons/close_link.png]
[www.stampready.net/dashboard/editor/img/icons/close_dialog.png]
[www.stampready.net/dashboard/editor/css/editor2ad3.css]
[www.stampready.net/dashboard/editor/img/icons/close_notification.png]
[www.stampready.net/dashboard/editor/img/framework/mask.png]
[www.stampready.net/dashboard/editor/css/farbtastic.css]
[www.stampready.net/dashboard/editor/img/framework/marker.png]
[www.stampready.net/dashboard/editor/css/images/ui-bg_highlight-soft_100_eeeeee_1x100.49.delayed]
[www.stampready.net/dashboard/editor/css/images/ui-bg_gloss-wave_35_f6a828_500x100.4a.delayed]
[www.stampready.net/dashboard/editor/css/images/ui-bg_glass_100_f6f6f6_1x400.4b.delayed]
[www.stampready.net/dashboard/editor/css/images/ui-bg_glass_100_fdf5ce_1x400.png]
[www.stampready.net/dashboard/editor/css/images/ui-bg_glass_65_ffffff_1x400.png]
[www.stampready.net/dashboard/editor/css/images/ui-bg_highlight-soft_75_ffe45c_1x100.4e.delayed]
[www.stampready.net/dashboard/editor/css/images/ui-bg_diagonals-thick_18_b81900_40x40.4f.delayed]
[www.stampready.net/dashboard/editor/css/images/ui-icons_222222_256x240.png]
[www.stampready.net/dashboard/editor/css/images/ui-icons_ffffff_256x240.png]
[www.stampready.net/dashboard/editor/css/images/ui-icons_ef8c08_256x240.52.delayed]
[www.stampready.net/dashboard/editor/css/images/ui-icons_228ef1_256x240.png]
[www.stampready.net/dashboard/editor/css/images/ui-icons_ffd27a_256x240.png]
[www.stampready.net/dashboard/editor/css/images/ui-bg_diagonals-thick_20_666666_40x40.55.delayed]
[www.stampready.net/dashboard/editor/css/images/ui-bg_flat_10_000000_40x100.png]
[www.stampready.net/dashboard/editor/css/jquery-ui.min.css]
[www.stampready.net/dashboard/editor/img/icons/ui-icons_222222_256x240.png]
[www.stampready.net/dashboard/editor/css/jquery-ui.theme.min.css]
[www.stampready.net/dashboard/editor/lib/codemirror.css]
[www.stampready.net/dashboard/editor/css/codemirror/theme/mbo.css]
[www.stampready.net/dashboard/editor/css/border-anim-v.gif]
[www.stampready.net/dashboard/editor/css/imgareaselect-animated.css]
[www.stampready.net/dashboard/editor/css/images/ui-bg_highlight-soft_100_eeeeee_1x100.html]
[www.stampready.net/dashboard/editor/css/images/ui-bg_gloss-wave_35_f6a828_500x100.html]
[www.stampready.net/dashboard/editor/css/images/ui-bg_glass_100_f6f6f6_1x400.html]
[www.stampready.net/dashboard/editor/css/images/ui-bg_glass_100_fdf5ce_1x400.html]
[www.stampready.net/dashboard/editor/css/images/ui-bg_glass_65_ffffff_1x400.html]
[www.stampready.net/dashboard/editor/css/images/ui-bg_highlight-soft_75_ffe45c_1x100.html]
[www.stampready.net/dashboard/editor/css/images/ui-bg_diagonals-thick_18_b81900_40x40.html]
[www.stampready.net/dashboard/editor/css/images/ui-icons_222222_256x240.html]
[www.stampready.net/dashboard/editor/css/images/ui-icons_ffffff_256x240.html]
[www.stampready.net/dashboard/editor/css/images/ui-icons_ef8c08_256x240.html]
[www.stampready.net/dashboard/editor/css/images/ui-icons_228ef1_256x240.html]
[www.stampready.net/dashboard/editor/css/images/ui-icons_ffd27a_256x240.html]
[www.stampready.net/dashboard/editor/css/images/ui-bg_diagonals-thick_20_666666_40x40.html]
[www.stampready.net/dashboard/editor/css/images/ui-bg_flat_10_000000_40x100.html]
[www.stampready.net/dashboard/editor/img/icons/ui-icons_222222_256x240.html]
[www.stampready.net/dashboard/editor/css/border-anim-h.gif]
